[17-Jan-2026 08:23:10 America/New_York] PHP Fatal error:  Uncaught Error: Call to undefined function is_cli() in /home/hcsfcsto/public_html/api/bootstrap.php:94
Stack trace:
#0 /home/hcsfcsto/public_html/api/index.php(16): require_once()
#1 {main}
  thrown in /home/hcsfcsto/public_html/api/bootstrap.php on line 94
[17-Jan-2026 08:23:12 America/New_York] PHP Fatal error:  Uncaught Error: Call to undefined function is_cli() in /home/hcsfcsto/public_html/api/bootstrap.php:94
Stack trace:
#0 /home/hcsfcsto/public_html/api/index.php(16): require_once()
#1 {main}
  thrown in /home/hcsfcsto/public_html/api/bootstrap.php on line 94
[17-Jan-2026 08:23:13 America/New_York] PHP Fatal error:  Uncaught Error: Call to undefined function is_cli() in /home/hcsfcsto/public_html/api/bootstrap.php:94
Stack trace:
#0 /home/hcsfcsto/public_html/api/index.php(16): require_once()
#1 {main}
  thrown in /home/hcsfcsto/public_html/api/bootstrap.php on line 94
[17-Jan-2026 09:50:30 America/New_York] PHP Fatal error:  Uncaught Error: Call to undefined function is_cli() in /home/hcsfcsto/public_html/api/bootstrap.php:143
Stack trace:
#0 /home/hcsfcsto/public_html/api/index.php(16): require_once()
#1 {main}
  thrown in /home/hcsfcsto/public_html/api/bootstrap.php on line 143
[17-Jan-2026 09:50:31 America/New_York] PHP Fatal error:  Uncaught Error: Call to undefined function is_cli() in /home/hcsfcsto/public_html/api/bootstrap.php:143
Stack trace:
#0 /home/hcsfcsto/public_html/api/index.php(16): require_once()
#1 {main}
  thrown in /home/hcsfcsto/public_html/api/bootstrap.php on line 143
[17-Jan-2026 09:50:34 America/New_York] PHP Fatal error:  Uncaught Error: Call to undefined function is_cli() in /home/hcsfcsto/public_html/api/bootstrap.php:143
Stack trace:
#0 /home/hcsfcsto/public_html/api/index.php(16): require_once()
#1 {main}
  thrown in /home/hcsfcsto/public_html/api/bootstrap.php on line 143
